#-----------------------------------------------------------
# Vivado v2015.4 (64-bit)
# SW Build 1412921 on Wed Nov 18 09:43:45 MST 2015
# IP Build 1412160 on Tue Nov 17 13:47:24 MST 2015
# Start of session at: Tue May 02 11:27:10 2017
# Process ID: 10216
# Current directory: C:/ObjectDetector/axi_stream_no_side_channel_data_vivado
# Command line: vivado.exe -gui_launcher_event rodinguilauncherevent9916 C:\ObjectDetector\axi_stream_no_side_channel_data_vivado\axi_stream_no_side_channel_data_vivado.xpr
# Log file: C:/ObjectDetector/axi_stream_no_side_channel_data_vivado/vivado.log
# Journal file: C:/ObjectDetector/axi_stream_no_side_channel_data_vivado\vivado.jou
#-----------------------------------------------------------
start_gui
open_project C:/ObjectDetector/axi_stream_no_side_channel_data_vivado/axi_stream_no_side_channel_data_vivado.xpr
open_bd_design {C:/ObjectDetector/axi_stream_no_side_channel_data_vivado/axi_stream_no_side_channel_data_vivado.srcs/sources_1/bd/design_zynq/design_zynq.bd}
set_property location {1 -30 350} [get_bd_cells xlconstant_0]
set_property location {1 -30 360} [get_bd_cells xlconstant_0]
set_property location {1 -30 370} [get_bd_cells xlconstant_0]
