#-----------------------------------------------------------
# Webtalk v2015.4 (64-bit)
# SW Build 1412921 on Wed Nov 18 09:43:45 MST 2015
# IP Build 1412160 on Tue Nov 17 13:47:24 MST 2015
# Start of session at: Tue May 02 00:11:04 2017
# Process ID: 10504
# Current directory: C:/Users/zengh/Documents/xup/axi_stream_no_side_channel_data/proj_axi_stream_no_side_channel_data/solution1/sim/vhdl
# Command line: wbtcv.exe -mode batch -source C:/Users/zengh/Documents/xup/axi_stream_no_side_channel_data/proj_axi_stream_no_side_channel_data/solution1/sim/vhdl/xsim.dir/example/webtalk/xsim_webtalk.tcl -notrace
# Log file: C:/Users/zengh/Documents/xup/axi_stream_no_side_channel_data/proj_axi_stream_no_side_channel_data/solution1/sim/vhdl/webtalk.log
# Journal file: C:/Users/zengh/Documents/xup/axi_stream_no_side_channel_data/proj_axi_stream_no_side_channel_data/solution1/sim/vhdl\webtalk.jou
#-----------------------------------------------------------
source C:/Users/zengh/Documents/xup/axi_stream_no_side_channel_data/proj_axi_stream_no_side_channel_data/solution1/sim/vhdl/xsim.dir/example/webtalk/xsim_webtalk.tcl -notrace
